// Jest Snapshot v1, https://goo.gl/fbAQLP

exports[`inputWithButton should render form 1`] = `
<div>
  <form
    class="text-center"
  >
    <label
      class="block text-gray-700 text-50 font-bold mb-2"
    >
      Enter something to add in the list
    </label>
    <input
      class="shadow appearance-none border rounded  py-2 px-3 text-gray-700 leading-tight focus:outline-none focus:shadow-outline"
      placeholder="Enter any text"
      type="text"
      value=""
    />
    <button
      class="bg-blue-500 hover:bg-blue-700 text-white font-bold py-2 px-4 rounded focus:outline-none focus:shadow-outline"
    >
      Click to Submit
    </button>
  </form>
  <div
    class="text-center text-red-600 my-3"
  />
  <ul
    class=" text-center py-2"
  />
</div>
`;
