// Jest Snapshot v1, https://goo.gl/fbAQLP

exports[`IncrementAndDecrement should render buttons 1`] = `
<div>
  <h1
    class="text-center font-bold my-5 "
  >
     Increment and Decrement
  </h1>
  <div
    class="text-center m-10 "
  >
    <button
      class=" font-bold py-2 px-4 text-white font-bold  rounded-full bg-blue-400"
    >
      Increment
    </button>
    <div>
      0
    </div>
    <h2>
      You are at intital state of counter!
    </h2>
    <button
      class=" font-bold py-2 px-4 text-white font-bold  rounded-full bg-blue-400"
    >
      Decrement
    </button>
  </div>
</div>
`;
